// Vitest Snapshot v1

exports[`returns fallback page when not in a preview session 1`] = `
{
  "body": "<!DOCTYPE html>
<html lang=\\"en\\">
<head>
<meta charset=\\"UTF-8\\">
<meta http-equiv=\\"X-UA-Compatible\\" content=\\"IE=edge\\">
<meta name=\\"viewport\\" content=\\"width=device-width, initial-scale=1.0\\">
<title>Not found</title>
<style>
	body, h1 {
		font-family: monospace;
		font-weight: 400;
		font-size: 16px;
	}
	ul {
		list-style-type: decimal;
	}
</style>
</head>
<body>
<section>
	<h1>404 - Not Found.</h1>
	<p>This probably means one of the following:</p>
	<ul>
		<li>You are entering a preview session and it is still loading. Hang on!</li>
		<li>You are not in an ongoing preview session or just exited one.</li>
	</ul>
	<p><a href=\\"/\\">Get back to home</a></p>
</section>
<script async defer src=\\"https://static.cdn.prismic.io/prismic.js?new=true&repo=prismicpreview-get-test-ts.prismic.io\\"></script>
</body>
</html>
",
  "headers": {
    "Content-Type": "text/html; charset=UTF-8",
  },
  "statusCode": 404,
}
`;

exports[`returns fallback page when previewed page is not found 1`] = `
{
  "body": "<!DOCTYPE html>
<html lang=\\"en\\">
<head>
<meta charset=\\"UTF-8\\">
<meta http-equiv=\\"X-UA-Compatible\\" content=\\"IE=edge\\">
<meta name=\\"viewport\\" content=\\"width=device-width, initial-scale=1.0\\">
<title>Not found</title>
<style>
	body, h1 {
		font-family: monospace;
		font-weight: 400;
		font-size: 16px;
	}
	ul {
		list-style-type: decimal;
	}
</style>
</head>
<body>
<section>
	<h1>404 - Not Found.</h1>
	<p>This probably means one of the following:</p>
	<ul>
		<li>You are entering a preview session and it is still loading. Hang on!</li>
		<li>You are not in an ongoing preview session or just exited one.</li>
	</ul>
	<p><a href=\\"/\\">Get back to home</a></p>
</section>
<script async defer src=\\"https://static.cdn.prismic.io/prismic.js?new=true&repo=prismicpreview-get-test-ts.prismic.io\\"></script>
</body>
</html>
",
  "headers": {
    "Content-Type": "text/html; charset=UTF-8",
  },
  "statusCode": 404,
}
`;
